baseline_program: P_none
input_directory: ./inputs
output_directory: ./outputs
outputs:
  Program Outputs:
    Keep All Program Outputs: false
    Program Emissions: true
    Program Timeseries: true
  Program Visualizations:
    Single Program Timeseries: true
  Summary Outputs:
    Summary Files:
      Cost Summary: true
      Emissions Summary: true
      Timeseries Summary: true
    Summary Stats:
      Emissions Summary:
        5th Percentile "True" Emissions Amount (Kg Methane): true
        5th Percentile "True" Emissions Rate (g/s): true
        95th Percentile "True" Emissions Amount (Kg Methane): true
        95th Percentile "True" Emissions Rate (g/s): true
        Average "True" Emissions Amount (Kg Methane): true
        Average "True" Emissions Rate (g/s): true
        Total "Estimated" Emissions (Kg Methane): true
        Total "True" Emissions (Kg Methane): true
        Total "True" Mitigable Emissions (Kg Methane): true
        Total "True" Mitigated Emissions (Kg Methane): true
        Total "True" Non-Mitigable Emissions (Kg Methane): true
      Timeseries Summary:
        5th Percentile "True" Daily Emissions (Kg Methane): true
        5th Percentile "True" Mitigable Daily Emissions (Kg Methane): true
        5th Percentile "True" Non-Mitigable Daily Emissions (Kg Methane): true
        5th Percentile Daily Cost ($): true
        95th Percentile "True" Daily Emissions (Kg Methane): true
        95th Percentile "True" Mitigable Daily Emissions (Kg Methane): true
        95th Percentile "True" Non-Mitigable Daily Emissions (Kg Methane): true
        95th Percentile Daily Cost ($): true
        Average "True" Daily Emissions (Kg Methane): true
        Average "True" Mitigable Daily Emissions (Kg Methane): true
        Average "True" Non-Mitigable Daily Emissions (Kg Methane): true
        Average Daily Cost ($): true
        Total Cost ($): true
  Summary Visualization Settings:
    True and Estimated Emissions Probit:
      Show Markers: true
  Summary Visualizations:
    Cost to Mitigation Ratios: true
    Program Cost Value Comparison: true
    Program Mitigation Comparison: true
    True and Estimated Emissions Probit: true
    True_and_Estimated_Paired_Emissions_Distribution: true
    True_vs_Estimated_Emissions_percent_differences: true
    True_vs_Estimated_Emissions_relative_differences: true
  parameter_level: outputs
  version: '4.0'
parameter_level: simulation_settings
preseed_random: true
processes_count: 6
programs:
  P_OGI_component_based:
    duration_estimate:
      duration_factor: 1.0
      duration_method: component-based
    economics:
      global_warming_potential_CH4: 28.0
      sale_price_of_natural_gas: 3.0
    method_labels:
    - OGI
    methods:
      OGI:
        consider_daylight: false
        cost:
          per_day: 0
          per_site: 500
          upfront: 0.0
        coverage:
          spatial: 1.0
          temporal: 1.0
        crew_count: 0
        deployment_type: mobile
        follow_up:
          delay: 0
          instant_threshold: null
          interaction_priority: threshold
          preferred_method: null
          proportion: 1.0
          redundancy_filter: recent
          sort_by_rate: true
          threshold: 0.0
        is_follow_up: false
        max_workday: 8
        measurement_scale: component
        method_name: OGI
        parameter_level: methods
        reporting_delay: 2
        scheduling:
          deployment_months:
          - 1
          - 2
          - 3
          - 4
          - 5
          - 6
          - 7
          - 8
          - 9
          - 10
          - 11
          - 12
          deployment_years: []
        sensor:
          minimum_detection_limit:
          - 0.01
          quantification_error:
            quantification_parameters:
            - 0.0
            - 0.0
            quantification_type: default
          type: OGI_camera_zim
        survey_time: 120
        surveys_per_year: 4
        time_between_sites:
          file: null
          values:
          - 30
        version: '4.0'
        weather_envelopes:
          precipitation:
          - 0.0
          - 0.5
          temperature:
          - -40.0
          - 40.0
          wind:
          - 0.0
          - 10.0
    parameter_level: programs
    program_name: P_OGI_component_based
    version: '4.0'
  P_OGI_measurement_based:
    duration_estimate:
      duration_factor: 1.0
      duration_method: measurement-based
    economics:
      global_warming_potential_CH4: 28.0
      sale_price_of_natural_gas: 3.0
    method_labels:
    - OGI
    methods:
      OGI:
        consider_daylight: false
        cost:
          per_day: 0
          per_site: 500
          upfront: 0.0
        coverage:
          spatial: 1.0
          temporal: 1.0
        crew_count: 0
        deployment_type: mobile
        follow_up:
          delay: 0
          instant_threshold: null
          interaction_priority: threshold
          preferred_method: null
          proportion: 1.0
          redundancy_filter: recent
          sort_by_rate: true
          threshold: 0.0
        is_follow_up: false
        max_workday: 8
        measurement_scale: component
        method_name: OGI
        parameter_level: methods
        reporting_delay: 2
        scheduling:
          deployment_months:
          - 1
          - 2
          - 3
          - 4
          - 5
          - 6
          - 7
          - 8
          - 9
          - 10
          - 11
          - 12
          deployment_years: []
        sensor:
          minimum_detection_limit:
          - 0.01
          quantification_error:
            quantification_parameters:
            - 0.0
            - 0.0
            quantification_type: default
          type: OGI_camera_zim
        survey_time: 120
        surveys_per_year: 4
        time_between_sites:
          file: null
          values:
          - 30
        version: '4.0'
        weather_envelopes:
          precipitation:
          - 0.0
          - 0.5
          temperature:
          - -40.0
          - 40.0
          wind:
          - 0.0
          - 10.0
    parameter_level: programs
    program_name: P_OGI_measurement_based
    version: '4.0'
  P_air_component-based:
    duration_estimate:
      duration_factor: 1.0
      duration_method: component-based
    economics:
      global_warming_potential_CH4: 28.0
      sale_price_of_natural_gas: 3.0
    method_labels:
    - airH
    - OGI_FU
    methods:
      OGI_FU:
        consider_daylight: false
        cost:
          per_day: 0
          per_site: 500
          upfront: 0.0
        coverage:
          spatial: 1.0
          temporal: 1.0
        crew_count: 0
        deployment_type: mobile
        follow_up:
          delay: 0
          instant_threshold: null
          interaction_priority: threshold
          preferred_method: null
          proportion: 1.0
          redundancy_filter: recent
          sort_by_rate: true
          threshold: 0.0
        is_follow_up: true
        max_workday: 8
        measurement_scale: component
        method_name: OGI_FU
        parameter_level: methods
        reporting_delay: 2
        scheduling:
          deployment_months:
          - 1
          - 2
          - 3
          - 4
          - 5
          - 6
          - 7
          - 8
          - 9
          - 10
          - 11
          - 12
          deployment_years: []
        sensor:
          minimum_detection_limit:
          - 0.24
          - 0.39
          quantification_error:
            quantification_parameters:
            - 0.0
            - 0.0
            quantification_type: default
          type: OGI_camera_zim
        survey_time: 120
        surveys_per_year: null
        time_between_sites:
          file: null
          values:
          - 30
        version: '4.0'
        weather_envelopes:
          precipitation:
          - 0.0
          - 0.5
          temperature:
          - -40.0
          - 40.0
          wind:
          - 0.0
          - 10.0
      airH:
        consider_daylight: false
        cost:
          per_day: 0
          per_site: 100
          upfront: 0.0
        coverage:
          spatial: 1.0
          temporal: 1.0
        crew_count: 0
        deployment_type: mobile
        follow_up:
          delay: 0
          instant_threshold: null
          interaction_priority: threshold
          preferred_method: null
          proportion: 1.0
          redundancy_filter: recent
          sort_by_rate: true
          threshold: 0.0
        is_follow_up: false
        max_workday: 8
        measurement_scale: site
        method_name: airH
        parameter_level: methods
        reporting_delay: 2
        scheduling:
          deployment_months:
          - 1
          - 2
          - 3
          - 4
          - 5
          - 6
          - 7
          - 8
          - 9
          - 10
          - 11
          - 12
          deployment_years: []
        sensor:
          minimum_detection_limit:
          - 5.55
          quantification_error:
            quantification_parameters:
            - 0.0
            - 0.0
            quantification_type: default
          type: default
        survey_time: 5
        surveys_per_year: 4
        time_between_sites:
          file: null
          values:
          - 5
        version: '4.0'
        weather_envelopes:
          precipitation:
          - 0.0
          - 0.5
          temperature:
          - -40.0
          - 40.0
          wind:
          - 0.0
          - 10.0
    parameter_level: programs
    program_name: P_air_component-based
    version: '4.0'
  P_air_measurement_based:
    duration_estimate:
      duration_factor: 1.0
      duration_method: measurement-based
    economics:
      global_warming_potential_CH4: 28.0
      sale_price_of_natural_gas: 3.0
    method_labels:
    - airH
    - OGI_FU
    methods:
      OGI_FU:
        consider_daylight: false
        cost:
          per_day: 0
          per_site: 500
          upfront: 0.0
        coverage:
          spatial: 1.0
          temporal: 1.0
        crew_count: 0
        deployment_type: mobile
        follow_up:
          delay: 0
          instant_threshold: null
          interaction_priority: threshold
          preferred_method: null
          proportion: 1.0
          redundancy_filter: recent
          sort_by_rate: true
          threshold: 0.0
        is_follow_up: true
        max_workday: 8
        measurement_scale: component
        method_name: OGI_FU
        parameter_level: methods
        reporting_delay: 2
        scheduling:
          deployment_months:
          - 1
          - 2
          - 3
          - 4
          - 5
          - 6
          - 7
          - 8
          - 9
          - 10
          - 11
          - 12
          deployment_years: []
        sensor:
          minimum_detection_limit:
          - 0.24
          - 0.39
          quantification_error:
            quantification_parameters:
            - 0.0
            - 0.0
            quantification_type: default
          type: OGI_camera_zim
        survey_time: 120
        surveys_per_year: null
        time_between_sites:
          file: null
          values:
          - 30
        version: '4.0'
        weather_envelopes:
          precipitation:
          - 0.0
          - 0.5
          temperature:
          - -40.0
          - 40.0
          wind:
          - 0.0
          - 10.0
      airH:
        consider_daylight: false
        cost:
          per_day: 0
          per_site: 100
          upfront: 0.0
        coverage:
          spatial: 1.0
          temporal: 1.0
        crew_count: 0
        deployment_type: mobile
        follow_up:
          delay: 0
          instant_threshold: null
          interaction_priority: threshold
          preferred_method: null
          proportion: 1.0
          redundancy_filter: recent
          sort_by_rate: true
          threshold: 0.0
        is_follow_up: false
        max_workday: 8
        measurement_scale: site
        method_name: airH
        parameter_level: methods
        reporting_delay: 2
        scheduling:
          deployment_months:
          - 1
          - 2
          - 3
          - 4
          - 5
          - 6
          - 7
          - 8
          - 9
          - 10
          - 11
          - 12
          deployment_years: []
        sensor:
          minimum_detection_limit:
          - 5.55
          quantification_error:
            quantification_parameters:
            - 0.0
            - 0.0
            quantification_type: default
          type: default
        survey_time: 5
        surveys_per_year: 4
        time_between_sites:
          file: null
          values:
          - 5
        version: '4.0'
        weather_envelopes:
          precipitation:
          - 0.0
          - 0.5
          temperature:
          - -40.0
          - 40.0
          wind:
          - 0.0
          - 10.0
    parameter_level: programs
    program_name: P_air_measurement_based
    version: '4.0'
  P_none:
    duration_estimate:
      duration_factor: 1.0
      duration_method: measurement-based
    economics:
      global_warming_potential_CH4: 28.0
      sale_price_of_natural_gas: 3.0
    method_labels: []
    methods: {}
    parameter_level: programs
    program_name: P_none
    version: '4.0'
  P_stationary_component_based:
    duration_estimate:
      duration_factor: 1.0
      duration_method: component-based
    economics:
      global_warming_potential_CH4: 28.0
      sale_price_of_natural_gas: 3.0
    method_labels:
    - stationary
    - OGI_FU
    methods:
      OGI_FU:
        consider_daylight: false
        cost:
          per_day: 0
          per_site: 500
          upfront: 0.0
        coverage:
          spatial: 1.0
          temporal: 1.0
        crew_count: 0
        deployment_type: mobile
        follow_up:
          delay: 0
          instant_threshold: null
          interaction_priority: threshold
          preferred_method: null
          proportion: 1.0
          redundancy_filter: recent
          sort_by_rate: true
          threshold: 0.0
        is_follow_up: true
        max_workday: 8
        measurement_scale: component
        method_name: OGI_FU
        parameter_level: methods
        reporting_delay: 2
        scheduling:
          deployment_months:
          - 1
          - 2
          - 3
          - 4
          - 5
          - 6
          - 7
          - 8
          - 9
          - 10
          - 11
          - 12
          deployment_years: []
        sensor:
          minimum_detection_limit:
          - 0.24
          - 0.39
          quantification_error:
            quantification_parameters:
            - 0.0
            - 0.0
            quantification_type: default
          type: OGI_camera_zim
        survey_time: 120
        surveys_per_year: null
        time_between_sites:
          file: null
          values:
          - 30
        version: '4.0'
        weather_envelopes:
          precipitation:
          - 0.0
          - 0.5
          temperature:
          - -40.0
          - 40.0
          wind:
          - 0.0
          - 10.0
      stationary:
        consider_daylight: false
        cost:
          per_day: 5
          upfront: 500
        coverage:
          spatial: 1.0
          temporal: 1.0
        deployment_type: stationary
        follow_up:
          delay: 0
          instant_threshold: null
          interaction_priority: threshold
          preferred_method: null
          proportion: 1.0
          sort_by_rate: true
        is_follow_up: false
        measurement_scale: site
        method_name: stationary
        parameter_level: methods
        reporting_delay: 2
        rolling_average:
          large_window: 30
          large_window_threshold: null
          small_window: 7
          small_window_threshold: 0.0
        scheduling:
          deployment_months:
          - 1
          - 2
          - 3
          - 4
          - 5
          - 6
          - 7
          - 8
          - 9
          - 10
          - 11
          - 12
          deployment_years: []
        sensor:
          minimum_detection_limit:
          - 5.55
          quantification_error:
            quantification_parameters:
            - 0.0
            - 0.0
            quantification_type: default
          type: default
        version: '4.0'
        weather_envelopes:
          precipitation:
          - 0.0
          - 0.5
          temperature:
          - -40.0
          - 40.0
          wind:
          - 0.0
          - 10.0
    parameter_level: programs
    program_name: P_stationary_component_based
    version: '4.0'
  P_stationary_measurement_based:
    duration_estimate:
      duration_factor: 1.0
      duration_method: measurement-based
    economics:
      global_warming_potential_CH4: 28.0
      sale_price_of_natural_gas: 3.0
    method_labels:
    - stationary
    - OGI_FU
    methods:
      OGI_FU:
        consider_daylight: false
        cost:
          per_day: 0
          per_site: 500
          upfront: 0.0
        coverage:
          spatial: 1.0
          temporal: 1.0
        crew_count: 0
        deployment_type: mobile
        follow_up:
          delay: 0
          instant_threshold: null
          interaction_priority: threshold
          preferred_method: null
          proportion: 1.0
          redundancy_filter: recent
          sort_by_rate: true
          threshold: 0.0
        is_follow_up: true
        max_workday: 8
        measurement_scale: component
        method_name: OGI_FU
        parameter_level: methods
        reporting_delay: 2
        scheduling:
          deployment_months:
          - 1
          - 2
          - 3
          - 4
          - 5
          - 6
          - 7
          - 8
          - 9
          - 10
          - 11
          - 12
          deployment_years: []
        sensor:
          minimum_detection_limit:
          - 0.24
          - 0.39
          quantification_error:
            quantification_parameters:
            - 0.0
            - 0.0
            quantification_type: default
          type: OGI_camera_zim
        survey_time: 120
        surveys_per_year: null
        time_between_sites:
          file: null
          values:
          - 30
        version: '4.0'
        weather_envelopes:
          precipitation:
          - 0.0
          - 0.5
          temperature:
          - -40.0
          - 40.0
          wind:
          - 0.0
          - 10.0
      stationary:
        consider_daylight: false
        cost:
          per_day: 5
          upfront: 500
        coverage:
          spatial: 1.0
          temporal: 1.0
        deployment_type: stationary
        follow_up:
          delay: 0
          instant_threshold: null
          interaction_priority: threshold
          preferred_method: null
          proportion: 1.0
          sort_by_rate: true
        is_follow_up: false
        measurement_scale: site
        method_name: stationary
        parameter_level: methods
        reporting_delay: 2
        rolling_average:
          large_window: 30
          large_window_threshold: null
          small_window: 7
          small_window_threshold: 0.0
        scheduling:
          deployment_months:
          - 1
          - 2
          - 3
          - 4
          - 5
          - 6
          - 7
          - 8
          - 9
          - 10
          - 11
          - 12
          deployment_years: []
        sensor:
          minimum_detection_limit:
          - 5.55
          quantification_error:
            quantification_parameters:
            - 0.0
            - 0.0
            quantification_type: default
          type: default
        version: '4.0'
        weather_envelopes:
          precipitation:
          - 0.0
          - 0.5
          temperature:
          - -40.0
          - 40.0
          wind:
          - 0.0
          - 10.0
    parameter_level: programs
    program_name: P_stationary_measurement_based
    version: '4.0'
simulation_count: 2
version: '4.0'
virtual_world:
  consider_weather: false
  emissions:
    Pre-Simulation Emissions: true
    emissions_file: emissions_file.csv
    non_repairable_emissions:
      duration: 365
      emissions_production_rate: 0.0065
      emissions_rate_source: test1
      multiple_emissions_per_source: true
    repairable_emissions:
      duration: 365
      emissions_production_rate: null
      emissions_rate_source: null
      multiple_emissions_per_source: true
  end_date:
  - 2021
  - 12
  - 31
  infrastructure:
    equipment_group_file: null
    site_type_file: null
    sites_file: facilities_Perm.csv
    sources_file: null
  parameter_level: virtual_world
  repairs:
    cost:
      file: null
      values:
      - 200.0
    delay:
      file: null
      values:
      - 14.0
  site_samples: 50
  start_date:
  - 2017
  - 1
  - 1
  version: '4.0'
  weather_file: weather_permian.nc
