Site ID,Equipment,Component,"""Measured"" Rate (g/s)",Survey Completion Date,Survey Start Date,Use Previous Condition,Use Next Condition,Start Date,End Date,"""Estimated"" Volume Emitted (Kg Methane)",Site Type,Site Measured
35.0,0.0,Placeholder_NonRep_0,0.0,2017-01-01,2017-01-01,False,True,2017-01-01,2017-01-01,0.0,311.0,True
35.0,0.0,Placeholder_NonRep_0,8.779675793252101,2020-07-04,,False,False,2017-01-01,2020-10-03,1039991.2282842018,311.0,True
35.0,0.0,Placeholder_NonRep_0,8.779675793252101,2020-10-03,,True,False,2020-10-03,2021-01-03,69787.88694540231,311.0,True
35.0,0.0,Placeholder_NonRep_0,8.779675793252101,2021-01-03,,True,False,2021-01-03,2021-04-04,69029.32295686533,311.0,True
35.0,0.0,Placeholder_NonRep_0,8.779675793252101,2021-04-04,,True,False,2021-04-04,2021-12-31,205570.84089352202,311.0,True
35.0,0.0,Placeholder_NonRep_0,0.0,2021-12-31,2021-12-31,True,False,2021-12-31,2017-01-01,-0.0,311.0,True
35.0,0.0,Placeholder_NonRep_1,0.0,2017-01-01,2017-01-01,False,False,2021-12-31,2020-07-04,-0.0,311.0,True
35.0,0.0,Placeholder_NonRep_1,0.0,2020-07-04,,True,False,2020-07-04,2020-10-03,0.0,311.0,True
35.0,0.0,Placeholder_NonRep_1,0.0,2020-10-03,,True,False,2020-10-03,2021-01-03,0.0,311.0,True
35.0,0.0,Placeholder_NonRep_1,0.0,2021-01-03,,True,False,2021-01-03,2021-04-04,0.0,311.0,True
35.0,0.0,Placeholder_NonRep_1,0.0,2021-04-04,,True,False,2021-04-04,2021-12-31,0.0,311.0,True
35.0,0.0,Placeholder_NonRep_1,0.0,2021-12-31,2021-12-31,True,False,2021-12-31,2017-01-01,-0.0,311.0,True
35.0,0.0,Placeholder_NonRep_2,0.0,2017-01-01,2017-01-01,False,False,2021-12-31,2020-07-04,-0.0,311.0,True
35.0,0.0,Placeholder_NonRep_2,0.0,2020-07-04,,True,True,2020-07-04,2020-07-04,0.0,311.0,True
35.0,0.0,Placeholder_NonRep_2,0.018255803144169854,2020-10-03,,False,True,2020-07-04,2020-10-03,143.53442664072108,311.0,True
35.0,0.0,Placeholder_NonRep_2,0.03784750091366157,2021-01-03,,False,False,2020-10-03,2021-04-04,598.4144064460859,311.0,True
35.0,0.0,Placeholder_NonRep_2,0.0,2021-04-04,,True,False,2021-04-04,2021-12-31,0.0,311.0,True
35.0,0.0,Placeholder_NonRep_2,0.0,2021-12-31,2021-12-31,True,False,2021-12-31,2017-01-01,-0.0,311.0,True
35.0,0.0,Placeholder_NonRep_3,0.0,2017-01-01,2017-01-01,False,False,2021-12-31,2020-07-04,-0.0,311.0,True
35.0,0.0,Placeholder_NonRep_3,0.0,2020-07-04,,True,False,2020-07-04,2020-10-03,0.0,311.0,True
35.0,0.0,Placeholder_NonRep_3,0.0,2020-10-03,,True,False,2020-10-03,2021-01-03,0.0,311.0,True
35.0,0.0,Placeholder_NonRep_3,0.0,2021-01-03,,True,False,2021-01-03,2021-04-04,0.0,311.0,True
35.0,0.0,Placeholder_NonRep_3,0.0,2021-04-04,,True,False,2021-04-04,2021-12-31,0.0,311.0,True
35.0,0.0,Placeholder_NonRep_3,0.0,2021-12-31,2021-12-31,True,False,2021-12-31,2017-01-01,-0.0,311.0,True
35.0,0.0,Placeholder_NonRep_4,0.0,2017-01-01,2017-01-01,False,False,2021-12-31,2020-07-04,-0.0,311.0,True
35.0,0.0,Placeholder_NonRep_4,0.0,2020-07-04,,True,True,2020-07-04,2020-07-04,0.0,311.0,True
35.0,0.0,Placeholder_NonRep_4,0.5232573619057219,2020-10-03,,False,False,2020-07-04,2021-01-03,8273.326800563751,311.0,True
35.0,0.0,Placeholder_NonRep_4,0.5232573619057219,2021-01-03,,True,False,2021-01-03,2021-04-04,4114.058682247548,311.0,True
35.0,0.0,Placeholder_NonRep_4,0.5232573619057219,2021-04-04,,True,False,2021-04-04,2021-12-31,12251.757174605336,311.0,True
35.0,0.0,Placeholder_NonRep_4,0.0,2021-12-31,2021-12-31,True,False,2021-12-31,2021-12-31,0.0,311.0,True
123.0,0.0,Placeholder_NonRep_0,0.0,2017-01-01,2017-01-01,False,False,2017-01-01,2019-07-04,0.0,311.0,True
123.0,0.0,Placeholder_NonRep_0,0.0,2019-07-04,,True,False,2019-07-04,2021-12-31,0.0,311.0,True
123.0,0.0,Placeholder_NonRep_0,0.0,2021-12-31,2021-12-31,True,False,2021-12-31,2017-01-01,-0.0,311.0,True
123.0,0.0,Placeholder_NonRep_1,0.0,2017-01-01,2017-01-01,False,True,2021-12-31,2017-01-01,-0.0,311.0,True
123.0,0.0,Placeholder_NonRep_1,4.9994418592371,2019-07-04,,False,False,2017-01-01,2021-12-31,788311.992364506,311.0,True
123.0,0.0,Placeholder_NonRep_1,0.0,2021-12-31,2021-12-31,True,False,2021-12-31,2017-01-01,-0.0,311.0,True
123.0,0.0,Placeholder_NonRep_2,0.0,2017-01-01,2017-01-01,False,False,2021-12-31,2019-07-04,-0.0,311.0,True
123.0,0.0,Placeholder_NonRep_2,0.0,2019-07-04,,True,False,2019-07-04,2021-12-31,0.0,311.0,True
123.0,0.0,Placeholder_NonRep_2,0.0,2021-12-31,2021-12-31,True,False,2021-12-31,2017-01-01,-0.0,311.0,True
123.0,0.0,Placeholder_NonRep_3,0.0,2017-01-01,2017-01-01,False,True,2021-12-31,2017-01-01,-0.0,311.0,True
123.0,0.0,Placeholder_NonRep_3,0.6982292386861059,2019-07-04,,False,False,2017-01-01,2021-12-31,110096.78635602519,311.0,True
123.0,0.0,Placeholder_NonRep_3,0.0,2021-12-31,2021-12-31,True,False,2021-12-31,2017-01-01,-0.0,311.0,True
123.0,0.0,Placeholder_NonRep_4,0.0,2017-01-01,2017-01-01,False,False,2021-12-31,2019-07-04,-0.0,311.0,True
123.0,0.0,Placeholder_NonRep_4,0.0,2019-07-04,,True,False,2019-07-04,2021-12-31,0.0,311.0,True
123.0,0.0,Placeholder_NonRep_4,0.0,2021-12-31,2021-12-31,True,False,2021-12-31,2021-12-31,0.0,311.0,True
389.0,0.0,Placeholder_NonRep_0,0.0,2017-01-01,2017-01-01,False,False,2017-01-01,2017-01-03,0.0,311.0,True
389.0,0.0,Placeholder_NonRep_0,0.0,2017-01-03,,True,False,2017-01-03,2017-04-04,0.0,311.0,True
389.0,0.0,Placeholder_NonRep_0,0.0,2017-04-04,,True,False,2017-04-04,2017-07-04,0.0,311.0,True
389.0,0.0,Placeholder_NonRep_0,0.0,2017-07-04,,True,False,2017-07-04,2021-12-31,0.0,311.0,True
389.0,0.0,Placeholder_NonRep_0,0.0,2021-12-31,2021-12-31,True,False,2021-12-31,2017-01-01,-0.0,311.0,True
389.0,0.0,Placeholder_NonRep_1,0.0,2017-01-01,2017-01-01,False,False,2021-12-31,2017-01-03,-0.0,311.0,True
389.0,0.0,Placeholder_NonRep_1,0.0,2017-01-03,,True,False,2017-01-03,2017-04-04,0.0,311.0,True
389.0,0.0,Placeholder_NonRep_1,0.0,2017-04-04,,True,False,2017-04-04,2017-07-04,0.0,311.0,True
389.0,0.0,Placeholder_NonRep_1,0.0,2017-07-04,,True,False,2017-07-04,2021-12-31,0.0,311.0,True
389.0,0.0,Placeholder_NonRep_1,0.0,2021-12-31,2021-12-31,True,False,2021-12-31,2017-01-01,-0.0,311.0,True
389.0,0.0,Placeholder_NonRep_2,0.0,2017-01-01,2017-01-01,False,False,2021-12-31,2017-01-03,-0.0,311.0,True
389.0,0.0,Placeholder_NonRep_2,0.0,2017-01-03,,True,False,2017-01-03,2017-04-04,0.0,311.0,True
389.0,0.0,Placeholder_NonRep_2,0.0,2017-04-04,,True,False,2017-04-04,2017-07-04,0.0,311.0,True
389.0,0.0,Placeholder_NonRep_2,0.0,2017-07-04,,True,False,2017-07-04,2021-12-31,0.0,311.0,True
389.0,0.0,Placeholder_NonRep_2,0.0,2021-12-31,2021-12-31,True,False,2021-12-31,2017-01-01,-0.0,311.0,True
389.0,0.0,Placeholder_NonRep_3,0.0,2017-01-01,2017-01-01,False,True,2021-12-31,2017-01-01,-0.0,311.0,True
389.0,0.0,Placeholder_NonRep_3,8.388352761959899,2017-01-03,,False,False,2017-01-01,2017-04-04,67402.09211290018,311.0,True
389.0,0.0,Placeholder_NonRep_3,8.388352761959899,2017-04-04,,True,False,2017-04-04,2017-07-04,65952.5847556335,311.0,True
389.0,0.0,Placeholder_NonRep_3,8.388352761959899,2017-07-04,,True,False,2017-07-04,2021-12-31,1189320.7866373032,311.0,True
389.0,0.0,Placeholder_NonRep_3,0.0,2021-12-31,2021-12-31,True,False,2021-12-31,2017-01-01,-0.0,311.0,True
389.0,0.0,Placeholder_NonRep_4,0.0,2017-01-01,2017-01-01,False,False,2021-12-31,2017-01-03,-0.0,311.0,True
389.0,0.0,Placeholder_NonRep_4,0.0,2017-01-03,,True,False,2017-01-03,2017-04-04,0.0,311.0,True
389.0,0.0,Placeholder_NonRep_4,0.0,2017-04-04,,True,False,2017-04-04,2017-07-04,0.0,311.0,True
389.0,0.0,Placeholder_NonRep_4,0.0,2017-07-04,,True,False,2017-07-04,2021-12-31,0.0,311.0,True
389.0,0.0,Placeholder_NonRep_4,0.0,2021-12-31,2021-12-31,True,False,2021-12-31,2021-12-31,0.0,311.0,True
959.0,0.0,Placeholder_NonRep_0,0.0,2017-01-01,2017-01-01,False,False,2017-01-01,2019-01-03,0.0,311.0,True
959.0,0.0,Placeholder_NonRep_0,0.0,2019-01-03,,True,False,2019-01-03,2019-04-04,0.0,311.0,True
959.0,0.0,Placeholder_NonRep_0,0.0,2019-04-04,,True,False,2019-04-04,2019-07-04,0.0,311.0,True
959.0,0.0,Placeholder_NonRep_0,0.0,2019-07-04,,True,False,2019-07-04,2019-10-03,0.0,311.0,True
959.0,0.0,Placeholder_NonRep_0,0.0,2019-10-03,,True,False,2019-10-03,2021-12-31,0.0,311.0,True
959.0,0.0,Placeholder_NonRep_0,0.0,2021-12-31,2021-12-31,True,False,2021-12-31,2017-01-01,-0.0,311.0,True
959.0,0.0,Placeholder_NonRep_1,0.0,2017-01-01,2017-01-01,False,True,2021-12-31,2017-01-01,-0.0,311.0,True
959.0,0.0,Placeholder_NonRep_1,0.0269963743479146,2019-01-03,,False,False,2017-01-01,2019-04-04,1919.6365900320332,311.0,True
959.0,0.0,Placeholder_NonRep_1,0.0,2019-04-04,,True,False,2019-04-04,2019-07-04,0.0,311.0,True
959.0,0.0,Placeholder_NonRep_1,0.0,2019-07-04,,True,False,2019-07-04,2019-10-03,0.0,311.0,True
959.0,0.0,Placeholder_NonRep_1,0.0,2019-10-03,,True,False,2019-10-03,2021-12-31,0.0,311.0,True
959.0,0.0,Placeholder_NonRep_1,0.0,2021-12-31,2021-12-31,True,False,2021-12-31,2017-01-01,-0.0,311.0,True
959.0,0.0,Placeholder_NonRep_2,0.0,2017-01-01,2017-01-01,False,True,2021-12-31,2017-01-01,-0.0,311.0,True
959.0,0.0,Placeholder_NonRep_2,7.044759580048766,2019-01-03,,False,False,2017-01-01,2019-04-04,500933.12841044366,311.0,True
959.0,0.0,Placeholder_NonRep_2,6.813824817079946,2019-04-04,,True,False,2019-04-04,2019-07-04,53573.01624180937,311.0,True
959.0,0.0,Placeholder_NonRep_2,6.813824817079946,2019-07-04,,True,False,2019-07-04,2019-10-03,53573.01624180937,311.0,True
959.0,0.0,Placeholder_NonRep_2,6.813824817079946,2019-10-03,,True,False,2019-10-03,2021-12-31,482745.86064048007,311.0,True
959.0,0.0,Placeholder_NonRep_2,0.0,2021-12-31,2021-12-31,True,False,2021-12-31,2017-01-01,-0.0,311.0,True
959.0,0.0,Placeholder_NonRep_3,0.0,2017-01-01,2017-01-01,False,False,2021-12-31,2019-01-03,-0.0,311.0,True
959.0,0.0,Placeholder_NonRep_3,0.0,2019-01-03,,True,False,2019-01-03,2019-04-04,0.0,311.0,True
959.0,0.0,Placeholder_NonRep_3,0.0,2019-04-04,,True,False,2019-04-04,2019-07-04,0.0,311.0,True
959.0,0.0,Placeholder_NonRep_3,0.0,2019-07-04,,True,False,2019-07-04,2019-10-03,0.0,311.0,True
959.0,0.0,Placeholder_NonRep_3,0.0,2019-10-03,,True,False,2019-10-03,2021-12-31,0.0,311.0,True
959.0,0.0,Placeholder_NonRep_3,0.0,2021-12-31,2021-12-31,True,False,2021-12-31,2017-01-01,-0.0,311.0,True
959.0,0.0,Placeholder_NonRep_4,0.0,2017-01-01,2017-01-01,False,False,2021-12-31,2019-01-03,-0.0,311.0,True
959.0,0.0,Placeholder_NonRep_4,0.0,2019-01-03,,True,False,2019-01-03,2019-04-04,0.0,311.0,True
959.0,0.0,Placeholder_NonRep_4,0.0,2019-04-04,,True,False,2019-04-04,2019-07-04,0.0,311.0,True
959.0,0.0,Placeholder_NonRep_4,0.0,2019-07-04,,True,False,2019-07-04,2019-10-03,0.0,311.0,True
959.0,0.0,Placeholder_NonRep_4,0.0,2019-10-03,,True,False,2019-10-03,2021-12-31,0.0,311.0,True
959.0,0.0,Placeholder_NonRep_4,0.0,2021-12-31,2021-12-31,True,False,2021-12-31,2021-12-31,0.0,311.0,True
982.0,0.0,Placeholder_NonRep_0,0.0,2017-01-01,2017-01-01,False,True,2017-01-01,2017-01-01,0.0,311.0,True
982.0,0.0,Placeholder_NonRep_0,0.014140111167568702,2020-01-03,,False,False,2017-01-01,2020-04-04,1452.6079641998658,311.0,True
982.0,0.0,Placeholder_NonRep_0,0.014140111167568702,2020-04-04,,True,False,2020-04-04,2020-07-04,111.17521004389218,311.0,True
982.0,0.0,Placeholder_NonRep_0,0.0,2020-07-04,,True,True,2020-07-04,2020-07-04,0.0,311.0,True
982.0,0.0,Placeholder_NonRep_0,0.014140111167568702,2020-10-03,,False,False,2020-07-04,2021-12-31,665.8295546584751,311.0,True
982.0,0.0,Placeholder_NonRep_0,0.0,2021-12-31,2021-12-31,True,False,2021-12-31,2017-01-01,-0.0,311.0,True
982.0,0.0,Placeholder_NonRep_1,0.0,2017-01-01,2017-01-01,False,True,2021-12-31,2017-01-01,-0.0,311.0,True
982.0,0.0,Placeholder_NonRep_1,10.14325211380172,2020-01-03,,False,False,2017-01-01,2020-04-04,1042012.2323500053,311.0,True
982.0,0.0,Placeholder_NonRep_1,10.14325211380172,2020-04-04,,True,False,2020-04-04,2020-07-04,79750.30541955464,311.0,True
982.0,0.0,Placeholder_NonRep_1,10.14325211380172,2020-07-04,,True,False,2020-07-04,2020-10-03,79750.30541955464,311.0,True
982.0,0.0,Placeholder_NonRep_1,10.14325211380172,2020-10-03,,True,False,2020-10-03,2021-12-31,397875.1501151408,311.0,True
982.0,0.0,Placeholder_NonRep_1,0.0,2021-12-31,2021-12-31,True,False,2021-12-31,2017-01-01,-0.0,311.0,True
982.0,0.0,Placeholder_NonRep_2,0.0,2017-01-01,2017-01-01,False,False,2021-12-31,2020-01-03,-0.0,311.0,True
982.0,0.0,Placeholder_NonRep_2,0.0,2020-01-03,,True,False,2020-01-03,2020-04-04,0.0,311.0,True
982.0,0.0,Placeholder_NonRep_2,0.0,2020-04-04,,True,False,2020-04-04,2020-07-04,0.0,311.0,True
982.0,0.0,Placeholder_NonRep_2,0.0,2020-07-04,,True,True,2020-07-04,2020-07-04,0.0,311.0,True
982.0,0.0,Placeholder_NonRep_2,0.44410043559978607,2020-10-03,,False,False,2020-07-04,2021-12-31,20911.801311522726,311.0,True
982.0,0.0,Placeholder_NonRep_2,0.0,2021-12-31,2021-12-31,True,False,2021-12-31,2017-01-01,-0.0,311.0,True
982.0,0.0,Placeholder_NonRep_3,0.0,2017-01-01,2017-01-01,False,False,2021-12-31,2020-01-03,-0.0,311.0,True
982.0,0.0,Placeholder_NonRep_3,0.0,2020-01-03,,True,False,2020-01-03,2020-04-04,0.0,311.0,True
982.0,0.0,Placeholder_NonRep_3,0.0,2020-04-04,,True,False,2020-04-04,2020-07-04,0.0,311.0,True
982.0,0.0,Placeholder_NonRep_3,0.0,2020-07-04,,True,False,2020-07-04,2020-10-03,0.0,311.0,True
982.0,0.0,Placeholder_NonRep_3,0.0,2020-10-03,,True,False,2020-10-03,2021-12-31,0.0,311.0,True
982.0,0.0,Placeholder_NonRep_3,0.0,2021-12-31,2021-12-31,True,False,2021-12-31,2017-01-01,-0.0,311.0,True
982.0,0.0,Placeholder_NonRep_4,0.0,2017-01-01,2017-01-01,False,False,2021-12-31,2020-01-03,-0.0,311.0,True
982.0,0.0,Placeholder_NonRep_4,0.0,2020-01-03,,True,False,2020-01-03,2020-04-04,0.0,311.0,True
982.0,0.0,Placeholder_NonRep_4,0.0,2020-04-04,,True,False,2020-04-04,2020-07-04,0.0,311.0,True
982.0,0.0,Placeholder_NonRep_4,0.0,2020-07-04,,True,False,2020-07-04,2020-10-03,0.0,311.0,True
982.0,0.0,Placeholder_NonRep_4,0.0,2020-10-03,,True,False,2020-10-03,2021-12-31,0.0,311.0,True
982.0,0.0,Placeholder_NonRep_4,0.0,2021-12-31,2021-12-31,True,False,2021-12-31,2021-12-31,0.0,311.0,True
1039.0,0.0,Placeholder_NonRep_0,0.0,2017-01-01,2017-01-01,False,False,2017-01-01,2020-01-03,0.0,311.0,True
1039.0,0.0,Placeholder_NonRep_0,0.0,2020-01-03,,True,False,2020-01-03,2020-04-04,0.0,311.0,True
1039.0,0.0,Placeholder_NonRep_0,0.0,2020-04-04,,True,False,2020-04-04,2020-07-04,0.0,311.0,True
1039.0,0.0,Placeholder_NonRep_0,0.0,2020-07-04,,True,False,2020-07-04,2020-10-03,0.0,311.0,True
1039.0,0.0,Placeholder_NonRep_0,0.0,2020-10-03,,True,False,2020-10-03,2021-12-31,0.0,311.0,True
1039.0,0.0,Placeholder_NonRep_0,0.0,2021-12-31,2021-12-31,True,False,2021-12-31,2017-01-01,-0.0,311.0,True
1039.0,0.0,Placeholder_NonRep_1,0.0,2017-01-01,2017-01-01,False,False,2021-12-31,2020-01-03,-0.0,311.0,True
1039.0,0.0,Placeholder_NonRep_1,0.0,2020-01-03,,True,False,2020-01-03,2020-04-04,0.0,311.0,True
1039.0,0.0,Placeholder_NonRep_1,0.0,2020-04-04,,True,False,2020-04-04,2020-07-04,0.0,311.0,True
1039.0,0.0,Placeholder_NonRep_1,0.0,2020-07-04,,True,False,2020-07-04,2020-10-03,0.0,311.0,True
1039.0,0.0,Placeholder_NonRep_1,0.0,2020-10-03,,True,False,2020-10-03,2021-12-31,0.0,311.0,True
1039.0,0.0,Placeholder_NonRep_1,0.0,2021-12-31,2021-12-31,True,False,2021-12-31,2017-01-01,-0.0,311.0,True
1039.0,0.0,Placeholder_NonRep_2,0.0,2017-01-01,2017-01-01,False,False,2021-12-31,2020-01-03,-0.0,311.0,True
1039.0,0.0,Placeholder_NonRep_2,0.0,2020-01-03,,True,False,2020-01-03,2020-04-04,0.0,311.0,True
1039.0,0.0,Placeholder_NonRep_2,0.0,2020-04-04,,True,False,2020-04-04,2020-07-04,0.0,311.0,True
1039.0,0.0,Placeholder_NonRep_2,0.0,2020-07-04,,True,True,2020-07-04,2020-07-04,0.0,311.0,True
1039.0,0.0,Placeholder_NonRep_2,0.04608173704426913,2020-10-03,,False,False,2020-07-04,2021-12-31,2169.8968339405446,311.0,True
1039.0,0.0,Placeholder_NonRep_2,0.0,2021-12-31,2021-12-31,True,False,2021-12-31,2017-01-01,-0.0,311.0,True
1039.0,0.0,Placeholder_NonRep_3,0.0,2017-01-01,2017-01-01,False,False,2021-12-31,2020-01-03,-0.0,311.0,True
1039.0,0.0,Placeholder_NonRep_3,0.0,2020-01-03,,True,False,2020-01-03,2020-04-04,0.0,311.0,True
1039.0,0.0,Placeholder_NonRep_3,0.0,2020-04-04,,True,True,2020-04-04,2020-04-04,0.0,311.0,True
1039.0,0.0,Placeholder_NonRep_3,0.12307448860249891,2020-07-04,,False,False,2020-04-04,2020-10-03,1935.3217183765748,311.0,True
1039.0,0.0,Placeholder_NonRep_3,0.12307448860249891,2020-10-03,,True,False,2020-10-03,2021-12-31,4827.670660126181,311.0,True
1039.0,0.0,Placeholder_NonRep_3,0.0,2021-12-31,2021-12-31,True,False,2021-12-31,2017-01-01,-0.0,311.0,True
1039.0,0.0,Placeholder_NonRep_4,0.0,2017-01-01,2017-01-01,False,True,2021-12-31,2017-01-01,-0.0,311.0,True
1039.0,0.0,Placeholder_NonRep_4,8.78751145200093,2020-01-03,,False,False,2017-01-01,2020-04-04,902737.5364594747,311.0,True
1039.0,0.0,Placeholder_NonRep_4,8.78751145200093,2020-04-04,,True,False,2020-04-04,2020-07-04,69090.93004021212,311.0,True
1039.0,0.0,Placeholder_NonRep_4,8.760838309756256,2020-07-04,,True,False,2020-07-04,2020-10-03,68881.21512662759,311.0,True
1039.0,0.0,Placeholder_NonRep_4,8.760838309756256,2020-10-03,,True,False,2020-10-03,2021-12-31,343649.13920317503,311.0,True
1039.0,0.0,Placeholder_NonRep_4,0.0,2021-12-31,2021-12-31,True,False,2021-12-31,2021-12-31,0.0,311.0,True
1737.0,0.0,Placeholder_NonRep_0,0.0,2017-01-01,2017-01-01,False,True,2017-01-01,2017-01-01,0.0,311.0,True
1737.0,0.0,Placeholder_NonRep_0,9.378261840329607,2019-01-03,,False,False,2017-01-01,2019-04-04,666861.9403326855,311.0,True
1737.0,0.0,Placeholder_NonRep_0,9.322733236770322,2019-04-04,,True,True,2019-04-04,2019-04-04,0.0,311.0,True
1737.0,0.0,Placeholder_NonRep_0,9.631411259544633,2019-07-04,,False,False,2019-04-04,2019-10-03,151452.01577408746,311.0,True
1737.0,0.0,Placeholder_NonRep_0,9.631411259544633,2019-10-03,,True,False,2019-10-03,2021-12-31,682366.2249162182,311.0,True
1737.0,0.0,Placeholder_NonRep_0,0.0,2021-12-31,2021-12-31,True,False,2021-12-31,2017-01-01,-0.0,311.0,True
1737.0,0.0,Placeholder_NonRep_1,0.0,2017-01-01,2017-01-01,False,True,2021-12-31,2017-01-01,-0.0,311.0,True
1737.0,0.0,Placeholder_NonRep_1,0.031175881811906923,2019-01-03,,False,False,2017-01-01,2019-04-04,2216.829663175628,311.0,True
1737.0,0.0,Placeholder_NonRep_1,0.0,2019-04-04,,True,False,2019-04-04,2019-07-04,0.0,311.0,True
1737.0,0.0,Placeholder_NonRep_1,0.0,2019-07-04,,True,False,2019-07-04,2019-10-03,0.0,311.0,True
1737.0,0.0,Placeholder_NonRep_1,0.0,2019-10-03,,True,False,2019-10-03,2021-12-31,0.0,311.0,True
1737.0,0.0,Placeholder_NonRep_1,0.0,2021-12-31,2021-12-31,True,False,2021-12-31,2017-01-01,-0.0,311.0,True
1737.0,0.0,Placeholder_NonRep_2,0.0,2017-01-01,2017-01-01,False,False,2021-12-31,2019-01-03,-0.0,311.0,True
1737.0,0.0,Placeholder_NonRep_2,0.0,2019-01-03,,True,False,2019-01-03,2019-04-04,0.0,311.0,True
1737.0,0.0,Placeholder_NonRep_2,0.0,2019-04-04,,True,True,2019-04-04,2019-04-04,0.0,311.0,True
1737.0,0.0,Placeholder_NonRep_2,0.14425653692644932,2019-07-04,,False,False,2019-04-04,2019-10-03,2268.4051918610303,311.0,True
1737.0,0.0,Placeholder_NonRep_2,0.14425653692644932,2019-10-03,,True,False,2019-10-03,2021-12-31,10220.287128165082,311.0,True
1737.0,0.0,Placeholder_NonRep_2,0.0,2021-12-31,2021-12-31,True,False,2021-12-31,2017-01-01,-0.0,311.0,True
1737.0,0.0,Placeholder_NonRep_3,0.0,2017-01-01,2017-01-01,False,False,2021-12-31,2019-01-03,-0.0,311.0,True
1737.0,0.0,Placeholder_NonRep_3,0.0,2019-01-03,,True,False,2019-01-03,2019-04-04,0.0,311.0,True
1737.0,0.0,Placeholder_NonRep_3,0.0,2019-04-04,,True,False,2019-04-04,2019-07-04,0.0,311.0,True
1737.0,0.0,Placeholder_NonRep_3,0.0,2019-07-04,,True,False,2019-07-04,2019-10-03,0.0,311.0,True
1737.0,0.0,Placeholder_NonRep_3,0.0,2019-10-03,,True,False,2019-10-03,2021-12-31,0.0,311.0,True
1737.0,0.0,Placeholder_NonRep_3,0.0,2021-12-31,2021-12-31,True,False,2021-12-31,2017-01-01,-0.0,311.0,True
1737.0,0.0,Placeholder_NonRep_4,0.0,2017-01-01,2017-01-01,False,False,2021-12-31,2019-01-03,-0.0,311.0,True
1737.0,0.0,Placeholder_NonRep_4,0.0,2019-01-03,,True,False,2019-01-03,2019-04-04,0.0,311.0,True
1737.0,0.0,Placeholder_NonRep_4,0.0,2019-04-04,,True,False,2019-04-04,2019-07-04,0.0,311.0,True
1737.0,0.0,Placeholder_NonRep_4,0.0,2019-07-04,,True,False,2019-07-04,2019-10-03,0.0,311.0,True
1737.0,0.0,Placeholder_NonRep_4,0.0,2019-10-03,,True,False,2019-10-03,2021-12-31,0.0,311.0,True
1737.0,0.0,Placeholder_NonRep_4,0.0,2021-12-31,2021-12-31,True,False,2021-12-31,2021-12-31,0.0,311.0,True
2075.0,0.0,Placeholder_NonRep_0,0.0,2017-01-01,2017-01-01,False,False,2017-01-01,2019-04-04,0.0,311.0,True
2075.0,0.0,Placeholder_NonRep_0,0.0,2019-04-04,,True,False,2019-04-04,2021-12-31,0.0,311.0,True
2075.0,0.0,Placeholder_NonRep_0,0.0,2021-12-31,2021-12-31,True,False,2021-12-31,2017-01-01,-0.0,311.0,True
2075.0,0.0,Placeholder_NonRep_1,0.0,2017-01-01,2017-01-01,False,True,2021-12-31,2017-01-01,-0.0,311.0,True
2075.0,0.0,Placeholder_NonRep_1,4.24979129833657,2019-04-04,,False,False,2017-01-01,2021-12-31,670107.0919217104,311.0,True
2075.0,0.0,Placeholder_NonRep_1,0.0,2021-12-31,2021-12-31,True,False,2021-12-31,2017-01-01,-0.0,311.0,True
2075.0,0.0,Placeholder_NonRep_2,0.0,2017-01-01,2017-01-01,False,True,2021-12-31,2017-01-01,-0.0,311.0,True
2075.0,0.0,Placeholder_NonRep_2,2.3756706118610844,2019-04-04,,False,False,2017-01-01,2021-12-31,374595.7420782558,311.0,True
2075.0,0.0,Placeholder_NonRep_2,0.0,2021-12-31,2021-12-31,True,False,2021-12-31,2017-01-01,-0.0,311.0,True
2075.0,0.0,Placeholder_NonRep_3,0.0,2017-01-01,2017-01-01,False,False,2021-12-31,2019-04-04,-0.0,311.0,True
2075.0,0.0,Placeholder_NonRep_3,0.0,2019-04-04,,True,False,2019-04-04,2021-12-31,0.0,311.0,True
2075.0,0.0,Placeholder_NonRep_3,0.0,2021-12-31,2021-12-31,True,False,2021-12-31,2017-01-01,-0.0,311.0,True
2075.0,0.0,Placeholder_NonRep_4,0.0,2017-01-01,2017-01-01,False,False,2021-12-31,2019-04-04,-0.0,311.0,True
2075.0,0.0,Placeholder_NonRep_4,0.0,2019-04-04,,True,False,2019-04-04,2021-12-31,0.0,311.0,True
2075.0,0.0,Placeholder_NonRep_4,0.0,2021-12-31,2021-12-31,True,False,2021-12-31,2021-12-31,0.0,311.0,True
2107.0,0.0,Placeholder_NonRep_0,0.0,2017-01-01,2017-01-01,False,True,2017-01-01,2017-01-01,0.0,311.0,True
2107.0,0.0,Placeholder_NonRep_0,1.7463200488194783,2017-01-03,,False,True,2017-01-01,2017-01-03,301.7641044360059,311.0,True
2107.0,0.0,Placeholder_NonRep_0,1.9706906442869183,2017-04-04,,False,False,2017-01-03,2017-07-04,30988.716243282935,311.0,True
2107.0,0.0,Placeholder_NonRep_0,0.22437059546743984,2017-07-04,,True,False,2017-07-04,2021-12-31,31811.801514802748,311.0,True
2107.0,0.0,Placeholder_NonRep_0,0.0,2021-12-31,2021-12-31,True,False,2021-12-31,2017-01-01,-0.0,311.0,True
2107.0,0.0,Placeholder_NonRep_1,0.0,2017-01-01,2017-01-01,False,False,2021-12-31,2017-01-03,-0.0,311.0,True
2107.0,0.0,Placeholder_NonRep_1,0.0,2017-01-03,,True,False,2017-01-03,2017-04-04,0.0,311.0,True
2107.0,0.0,Placeholder_NonRep_1,0.0,2017-04-04,,True,False,2017-04-04,2017-07-04,0.0,311.0,True
2107.0,0.0,Placeholder_NonRep_1,0.0,2017-07-04,,True,False,2017-07-04,2021-12-31,0.0,311.0,True
2107.0,0.0,Placeholder_NonRep_1,0.0,2021-12-31,2021-12-31,True,False,2021-12-31,2017-01-01,-0.0,311.0,True
2107.0,0.0,Placeholder_NonRep_2,0.0,2017-01-01,2017-01-01,False,False,2021-12-31,2017-01-03,-0.0,311.0,True
2107.0,0.0,Placeholder_NonRep_2,0.0,2017-01-03,,True,False,2017-01-03,2017-04-04,0.0,311.0,True
2107.0,0.0,Placeholder_NonRep_2,0.0,2017-04-04,,True,False,2017-04-04,2017-07-04,0.0,311.0,True
2107.0,0.0,Placeholder_NonRep_2,0.0,2017-07-04,,True,False,2017-07-04,2021-12-31,0.0,311.0,True
2107.0,0.0,Placeholder_NonRep_2,0.0,2021-12-31,2021-12-31,True,False,2021-12-31,2017-01-01,-0.0,311.0,True
2107.0,0.0,Placeholder_NonRep_3,0.0,2017-01-01,2017-01-01,False,True,2021-12-31,2017-01-01,-0.0,311.0,True
2107.0,0.0,Placeholder_NonRep_3,10.110526900157856,2017-01-03,,False,False,2017-01-01,2017-04-04,81240.1057481484,311.0,True
2107.0,0.0,Placeholder_NonRep_3,10.110526900157856,2017-04-04,,True,False,2017-04-04,2017-07-04,79493.00669980113,311.0,True
2107.0,0.0,Placeholder_NonRep_3,10.110526900157856,2017-07-04,,True,False,2017-07-04,2021-12-31,1433494.7691689413,311.0,True
2107.0,0.0,Placeholder_NonRep_3,0.0,2021-12-31,2021-12-31,True,False,2021-12-31,2017-01-01,-0.0,311.0,True
2107.0,0.0,Placeholder_NonRep_4,0.0,2017-01-01,2017-01-01,False,True,2021-12-31,2017-01-01,-0.0,311.0,True
2107.0,0.0,Placeholder_NonRep_4,0.23776548817102164,2017-01-03,,False,True,2017-01-01,2017-01-03,41.08587635595254,311.0,True
2107.0,0.0,Placeholder_NonRep_4,0.5860432338277404,2017-04-04,,False,False,2017-01-03,2017-07-04,9215.412643294452,311.0,True
2107.0,0.0,Placeholder_NonRep_4,0.5860432338277404,2017-07-04,,True,False,2017-07-04,2021-12-31,83090.61619585822,311.0,True
2107.0,0.0,Placeholder_NonRep_4,0.0,2021-12-31,2021-12-31,True,False,2021-12-31,2021-12-31,0.0,311.0,True
2420.0,0.0,Placeholder_NonRep_0,0.0,2017-01-01,2017-01-01,False,False,2017-01-01,2019-01-04,0.0,311.0,True
2420.0,0.0,Placeholder_NonRep_0,0.0,2019-01-04,,True,False,2019-01-04,2019-04-05,0.0,311.0,True
2420.0,0.0,Placeholder_NonRep_0,0.0,2019-04-05,,True,False,2019-04-05,2019-07-05,0.0,311.0,True
2420.0,0.0,Placeholder_NonRep_0,0.0,2019-07-05,,True,False,2019-07-05,2019-10-04,0.0,311.0,True
2420.0,0.0,Placeholder_NonRep_0,0.0,2019-10-04,,True,False,2019-10-04,2021-12-31,0.0,311.0,True
2420.0,0.0,Placeholder_NonRep_0,0.0,2021-12-31,2021-12-31,True,False,2021-12-31,2017-01-01,-0.0,311.0,True
2420.0,0.0,Placeholder_NonRep_1,0.0,2017-01-01,2017-01-01,False,False,2021-12-31,2019-01-04,-0.0,311.0,True
2420.0,0.0,Placeholder_NonRep_1,0.0,2019-01-04,,True,False,2019-01-04,2019-04-05,0.0,311.0,True
2420.0,0.0,Placeholder_NonRep_1,0.0,2019-04-05,,True,False,2019-04-05,2019-07-05,0.0,311.0,True
2420.0,0.0,Placeholder_NonRep_1,0.0,2019-07-05,,True,False,2019-07-05,2019-10-04,0.0,311.0,True
2420.0,0.0,Placeholder_NonRep_1,0.0,2019-10-04,,True,False,2019-10-04,2021-12-31,0.0,311.0,True
2420.0,0.0,Placeholder_NonRep_1,0.0,2021-12-31,2021-12-31,True,False,2021-12-31,2017-01-01,-0.0,311.0,True
2420.0,0.0,Placeholder_NonRep_2,0.0,2017-01-01,2017-01-01,False,False,2021-12-31,2019-01-04,-0.0,311.0,True
2420.0,0.0,Placeholder_NonRep_2,0.0,2019-01-04,,True,False,2019-01-04,2019-04-05,0.0,311.0,True
2420.0,0.0,Placeholder_NonRep_2,0.0,2019-04-05,,True,False,2019-04-05,2019-07-05,0.0,311.0,True
2420.0,0.0,Placeholder_NonRep_2,0.0,2019-07-05,,True,False,2019-07-05,2019-10-04,0.0,311.0,True
2420.0,0.0,Placeholder_NonRep_2,0.0,2019-10-04,,True,False,2019-10-04,2021-12-31,0.0,311.0,True
2420.0,0.0,Placeholder_NonRep_2,0.0,2021-12-31,2021-12-31,True,False,2021-12-31,2017-01-01,-0.0,311.0,True
2420.0,0.0,Placeholder_NonRep_3,0.0,2017-01-01,2017-01-01,False,True,2021-12-31,2017-01-01,-0.0,311.0,True
2420.0,0.0,Placeholder_NonRep_3,7.55425521837054,2019-01-04,,False,False,2017-01-01,2019-04-05,537814.6243145849,311.0,True
2420.0,0.0,Placeholder_NonRep_3,7.55425521837054,2019-04-05,,True,False,2019-04-05,2019-07-05,59394.576228916536,311.0,True
2420.0,0.0,Placeholder_NonRep_3,7.55425521837054,2019-07-05,,True,False,2019-07-05,2019-10-04,59394.576228916536,311.0,True
2420.0,0.0,Placeholder_NonRep_3,0.0,2019-10-04,,True,False,2019-10-04,2021-12-31,0.0,311.0,True
2420.0,0.0,Placeholder_NonRep_3,0.0,2021-12-31,2021-12-31,True,False,2021-12-31,2017-01-01,-0.0,311.0,True
2420.0,0.0,Placeholder_NonRep_4,0.0,2017-01-01,2017-01-01,False,False,2021-12-31,2019-01-04,-0.0,311.0,True
2420.0,0.0,Placeholder_NonRep_4,0.0,2019-01-04,,True,False,2019-01-04,2019-04-05,0.0,311.0,True
2420.0,0.0,Placeholder_NonRep_4,0.0,2019-04-05,,True,False,2019-04-05,2019-07-05,0.0,311.0,True
2420.0,0.0,Placeholder_NonRep_4,0.0,2019-07-05,,True,True,2019-07-05,2019-07-05,0.0,311.0,True
2420.0,0.0,Placeholder_NonRep_4,0.004355777071738528,2019-10-04,,False,False,2019-07-05,2021-12-31,342.46861648837006,311.0,True
2420.0,0.0,Placeholder_NonRep_4,0.0,2021-12-31,2021-12-31,True,False,2021-12-31,2021-12-31,0.0,311.0,True
